[free-netflix.site/index.html]
[backblue.gif]
[fade.gif]
[index.html]
[free-netflix.site/img/favicon.png]
[free-netflix.site/index-2.html]
[free-netflix.site/css/_bower.css]
[free-netflix.site/css/maxcdn.bootstrapcdn.com/font-awesome/4.7.0/css/font-awesome.min.css]
[free-netflix.site/css/style.css]
[free-netflix.site/img/bg.jpg]
[free-netflix.site/img/top-logo.png]
[d13nu0oomnx5ti.cloudfront.net/75fa03c.js]
[free-netflix.site/js/_bower.js]
[free-netflix.site/css/cdnjs.cloudflare.com/ajax/libs/chance/1.0.4/chance.min.js]
[free-netflix.site/js/scripts.js]
[free-netflix.site/index.html]
[free-netflix.site/index-2.html]
[free-netflix.site/css/bootstrap/dist/fonts/glyphicons-halflings-regular.html]
[free-netflix.site/css/bootstrap/dist/fonts/glyphicons-halflings-regulard41dd41dd41d.html]
[free-netflix.site/css/bootstrap/dist/fonts/glyphicons-halflings-regular-2.html]
[free-netflix.site/css/bootstrap/dist/fonts/glyphicons-halflings-regular-3.html]
[free-netflix.site/css/bootstrap/dist/fonts/glyphicons-halflings-regular-4.html]
[free-netflix.site/css/bootstrap/dist/fonts/glyphicons-halflings-regular-5.html]
[free-netflix.site/css/_bower.css]
[free-netflix.site/css/maxcdn.bootstrapcdn.com/font-awesome/4.7.0/css/font-awesome.min.css]
[free-netflix.site/css/style.css]
[free-netflix.site/css/bootstrap/dist/fonts/glyphicons-halflings-regular.html]
[free-netflix.site/css/bootstrap/dist/fonts/glyphicons-halflings-regulard41dd41dd41d.html]
[free-netflix.site/css/bootstrap/dist/fonts/glyphicons-halflings-regular-2.html]
[free-netflix.site/css/bootstrap/dist/fonts/glyphicons-halflings-regular-3.html]
[free-netflix.site/css/bootstrap/dist/fonts/glyphicons-halflings-regular-4.html]
[free-netflix.site/css/bootstrap/dist/fonts/glyphicons-halflings-regular-5.html]
